Release 14.7 - xst P.20131013 (nt64)
Copyright (c) 1995-2013 Xilinx, Inc.  All rights reserved.
--> Parameter TMPDIR set to xst/projnav.tmp


Total REAL time to Xst completion: 0.00 secs
Total CPU time to Xst completion: 0.05 secs
 
--> Parameter xsthdpdir set to xst


Total REAL time to Xst completion: 0.00 secs
Total CPU time to Xst completion: 0.05 secs
 
--> Reading design: top.prj

TABLE OF CONTENTS
  1) Synthesis Options Summary
  2) HDL Parsing
  3) HDL Elaboration
  4) HDL Synthesis
       4.1) HDL Synthesis Report
  5) Advanced HDL Synthesis
       5.1) Advanced HDL Synthesis Report
  6) Low Level Synthesis
  7) Partition Report
  8) Design Summary
       8.1) Primitive and Black Box Usage
       8.2) Device utilization summary
       8.3) Partition Resource Summary
       8.4) Timing Report
            8.4.1) Clock Information
            8.4.2) Asynchronous Control Signals Information
            8.4.3) Timing Summary
            8.4.4) Timing Details
            8.4.5) Cross Clock Domains Report


=========================================================================
*                      Synthesis Options Summary                        *
=========================================================================
---- Source Parameters
Input File Name                    : "top.prj"
Ignore Synthesis Constraint File   : NO

---- Target Parameters
Output File Name                   : "top"
Output Format                      : NGC
Target Device                      : xc7z020-1-clg484

---- Source Options
Top Module Name                    : top
Automatic FSM Extraction           : YES
FSM Encoding Algorithm             : Auto
Safe Implementation                : No
FSM Style                          : LUT
RAM Extraction                     : Yes
RAM Style                          : Auto
ROM Extraction                     : Yes
Shift Register Extraction          : YES
ROM Style                          : Auto
Resource Sharing                   : YES
Asynchronous To Synchronous        : NO
Shift Register Minimum Size        : 2
Use DSP Block                      : Auto
Automatic Register Balancing       : No

---- Target Options
LUT Combining                      : Auto
Reduce Control Sets                : Auto
Add IO Buffers                     : YES
Global Maximum Fanout              : 100000
Add Generic Clock Buffer(BUFG)     : 32
Register Duplication               : YES
Optimize Instantiated Primitives   : NO
Use Clock Enable                   : Auto
Use Synchronous Set                : Auto
Use Synchronous Reset              : Auto
Pack IO Registers into IOBs        : Auto
Equivalent register Removal        : YES

---- General Options
Optimization Goal                  : Speed
Optimization Effort                : 1
Power Reduction                    : NO
Keep Hierarchy                     : No
Netlist Hierarchy                  : As_Optimized
RTL Output                         : Yes
Global Optimization                : AllClockNets
Read Cores                         : YES
Write Timing Constraints           : NO
Cross Clock Analysis               : NO
Hierarchy Separator                : /
Bus Delimiter                      : <>
Case Specifier                     : Maintain
Slice Utilization Ratio            : 100
BRAM Utilization Ratio             : 100
DSP48 Utilization Ratio            : 100
Auto BRAM Packing                  : NO
Slice Utilization Ratio Delta      : 5

=========================================================================


=========================================================================
*                          HDL Parsing                                  *
=========================================================================
Parsing VHDL file "E:\Universidad\Telematica\4o\SOCS-FPGAS\contador_demo\contador_basico.vhd" into library work
Parsing entity <contador_basico>.
Parsing architecture <Behavioral> of entity <contador_basico>.
Parsing VHDL file "E:\Universidad\Telematica\4o\SOCS-FPGAS\contador_demo\top.vhd" into library work
Parsing entity <top>.
Parsing architecture <Behavioral> of entity <top>.

=========================================================================
*                            HDL Elaboration                            *
=========================================================================

Elaborating entity <top> (architecture <Behavioral>) from library <work>.

Elaborating entity <contador_basico> (architecture <Behavioral>) with generics from library <work>.

Elaborating entity <contador_basico> (architecture <Behavioral>) with generics from library <work>.

=========================================================================
*                           HDL Synthesis                               *
=========================================================================

Synthesizing Unit <top>.
    Related source file is "E:\Universidad\Telematica\4o\SOCS-FPGAS\contador_demo\top.vhd".
INFO:Xst:3210 - "E:\Universidad\Telematica\4o\SOCS-FPGAS\contador_demo\top.vhd" line 47: Output port <cuenta> of the instance <modulo1_contador_basico> is unconnected or connected to loadless signal.
INFO:Xst:3210 - "E:\Universidad\Telematica\4o\SOCS-FPGAS\contador_demo\top.vhd" line 59: Output port <cuenta> of the instance <modulo2_contador_basico> is unconnected or connected to loadless signal.
    Summary:
	no macro.
Unit <top> synthesized.

Synthesizing Unit <contador_basico_1>.
    Related source file is "E:\Universidad\Telematica\4o\SOCS-FPGAS\contador_demo\contador_basico.vhd".
        N = 4
    Found 4-bit register for signal <contador>.
    Found 4-bit adder for signal <contador[3]_GND_5_o_add_1_OUT> created at line 1241.
    Summary:
	inferred   1 Adder/Subtractor(s).
	inferred   4 D-type flip-flop(s).
	inferred   1 Multiplexer(s).
Unit <contador_basico_1> synthesized.

Synthesizing Unit <contador_basico_2>.
    Related source file is "E:\Universidad\Telematica\4o\SOCS-FPGAS\contador_demo\contador_basico.vhd".
        N = 10
    Found 10-bit register for signal <contador>.
    Found 10-bit adder for signal <contador[9]_GND_8_o_add_1_OUT> created at line 1241.
    Summary:
	inferred   1 Adder/Subtractor(s).
	inferred  10 D-type flip-flop(s).
	inferred   1 Multiplexer(s).
Unit <contador_basico_2> synthesized.

=========================================================================
HDL Synthesis Report

Macro Statistics
# Adders/Subtractors                                   : 2
 10-bit adder                                          : 1
 4-bit adder                                           : 1
# Registers                                            : 2
 10-bit register                                       : 1
 4-bit register                                        : 1
# Multiplexers                                         : 2
 10-bit 2-to-1 multiplexer                             : 1
 4-bit 2-to-1 multiplexer                              : 1

=========================================================================

=========================================================================
*                       Advanced HDL Synthesis                          *
=========================================================================


Synthesizing (advanced) Unit <contador_basico_1>.
The following registers are absorbed into counter <contador>: 1 register on signal <contador>.
Unit <contador_basico_1> synthesized (advanced).

Synthesizing (advanced) Unit <contador_basico_2>.
The following registers are absorbed into counter <contador>: 1 register on signal <contador>.
Unit <contador_basico_2> synthesized (advanced).

=========================================================================
Advanced HDL Synthesis Report

Macro Statistics
# Counters                                             : 2
 10-bit up counter                                     : 1
 4-bit up counter                                      : 1

=========================================================================

=========================================================================
*                         Low Level Synthesis                           *
=========================================================================

Optimizing unit <top> ...

Mapping all equations...
Building and optimizing final netlist ...
Found area constraint ratio of 100 (+ 5) on block top, actual ratio is 0.

Final Macro Processing ...

=========================================================================
Final Register Report

Macro Statistics
# Registers                                            : 14
 Flip-Flops                                            : 14

=========================================================================

=========================================================================
*                           Partition Report                            *
=========================================================================

Partition Implementation Status
-------------------------------

  No Partitions were found in this design.

-------------------------------

=========================================================================
*                            Design Summary                             *
=========================================================================

Top Level Output File Name         : top.ngc

Primitive and Black Box Usage:
------------------------------
# BELS                             : 40
#      GND                         : 1
#      LUT1                        : 4
#      LUT2                        : 2
#      LUT4                        : 5
#      LUT5                        : 1
#      LUT6                        : 8
#      MUXCY                       : 9
#      XORCY                       : 10
# FlipFlops/Latches                : 14
#      FDC                         : 4
#      FDCE                        : 10
# Clock Buffers                    : 1
#      BUFGP                       : 1
# IO Buffers                       : 3
#      IBUF                        : 1
#      OBUF                        : 2

Device utilization summary:
---------------------------

Selected Device : 7z020clg484-1 


Slice Logic Utilization: 
 Number of Slice Registers:              14  out of  106400     0%  
 Number of Slice LUTs:                   20  out of  53200     0%  
    Number used as Logic:                20  out of  53200     0%  

Slice Logic Distribution: 
 Number of LUT Flip Flop pairs used:     20
   Number with an unused Flip Flop:       6  out of     20    30%  
   Number with an unused LUT:             0  out of     20     0%  
   Number of fully used LUT-FF pairs:    14  out of     20    70%  
   Number of unique control sets:         2

IO Utilization: 
 Number of IOs:                           4
 Number of bonded IOBs:                   4  out of    200     2%  

Specific Feature Utilization:
 Number of BUFG/BUFGCTRLs:                1  out of     32     3%  

---------------------------
Partition Resource Summary:
---------------------------

  No Partitions were found in this design.

---------------------------


=========================================================================
Timing Report

NOTE: THESE TIMING NUMBERS ARE ONLY A SYNTHESIS ESTIMATE.
      FOR ACCURATE TIMING INFORMATION PLEASE REFER TO THE TRACE REPORT
      GENERATED AFTER PLACE-and-ROUTE.

Clock Information:
------------------
-----------------------------------+------------------------+-------+
Clock Signal                       | Clock buffer(FF name)  | Load  |
-----------------------------------+------------------------+-------+
clk                                | BUFGP                  | 14    |
-----------------------------------+------------------------+-------+

Asynchronous Control Signals Information:
----------------------------------------
No asynchronous control signals found in this design

Timing Summary:
---------------
Speed Grade: -1

   Minimum period: 2.443ns (Maximum Frequency: 409.333MHz)
   Minimum input arrival time before clock: 0.809ns
   Maximum output required time after clock: 1.977ns
   Maximum combinational path delay: No path found

Timing Details:
---------------
All values displayed in nanoseconds (ns)

=========================================================================
Timing constraint: Default period analysis for Clock 'clk'
  Clock period: 2.443ns (frequency: 409.333MHz)
  Total number of paths / destination ports: 480 / 24
-------------------------------------------------------------------------
Delay:               2.443ns (Levels of Logic = 12)
  Source:            modulo2_contador_basico/contador_2 (FF)
  Destination:       modulo2_contador_basico/contador_9 (FF)
  Source Clock:      clk rising
  Destination Clock: clk rising

  Data Path: modulo2_contador_basico/contador_2 to modulo2_contador_basico/contador_9
                                Gate     Net
    Cell:in->out      fanout   Delay   Delay  Logical Name (Net Name)
    ----------------------------------------  ------------
     FDCE:C->Q             2   0.282   0.731  modulo2_contador_basico/contador_2 (modulo2_contador_basico/contador_2)
     LUT5:I0->O            8   0.053   0.459  modulo2_contador_basico/salida<9>_SW0 (N2)
     LUT6:I5->O            1   0.053   0.399  salida2_inv1 (salida2_inv)
     MUXCY:CI->O           1   0.015   0.000  modulo2_contador_basico/Mcount_contador_cy<0> (modulo2_contador_basico/Mcount_contador_cy<0>)
     MUXCY:CI->O           1   0.015   0.000  modulo2_contador_basico/Mcount_contador_cy<1> (modulo2_contador_basico/Mcount_contador_cy<1>)
     MUXCY:CI->O           1   0.015   0.000  modulo2_contador_basico/Mcount_contador_cy<2> (modulo2_contador_basico/Mcount_contador_cy<2>)
     MUXCY:CI->O           1   0.015   0.000  modulo2_contador_basico/Mcount_contador_cy<3> (modulo2_contador_basico/Mcount_contador_cy<3>)
     MUXCY:CI->O           1   0.015   0.000  modulo2_contador_basico/Mcount_contador_cy<4> (modulo2_contador_basico/Mcount_contador_cy<4>)
     MUXCY:CI->O           1   0.015   0.000  modulo2_contador_basico/Mcount_contador_cy<5> (modulo2_contador_basico/Mcount_contador_cy<5>)
     MUXCY:CI->O           1   0.015   0.000  modulo2_contador_basico/Mcount_contador_cy<6> (modulo2_contador_basico/Mcount_contador_cy<6>)
     MUXCY:CI->O           1   0.015   0.000  modulo2_contador_basico/Mcount_contador_cy<7> (modulo2_contador_basico/Mcount_contador_cy<7>)
     MUXCY:CI->O           0   0.015   0.000  modulo2_contador_basico/Mcount_contador_cy<8> (modulo2_contador_basico/Mcount_contador_cy<8>)
     XORCY:CI->O           1   0.320   0.000  modulo2_contador_basico/Mcount_contador_xor<9> (modulo2_contador_basico/Mcount_contador9)
     FDCE:D                    0.011          modulo2_contador_basico/contador_9
    ----------------------------------------
    Total                      2.443ns (0.854ns logic, 1.589ns route)
                                       (35.0% logic, 65.0% route)

=========================================================================
Timing constraint: Default OFFSET IN BEFORE for Clock 'clk'
  Total number of paths / destination ports: 14 / 14
-------------------------------------------------------------------------
Offset:              0.809ns (Levels of Logic = 1)
  Source:            reset (PAD)
  Destination:       modulo1_contador_basico/contador_0 (FF)
  Destination Clock: clk rising

  Data Path: reset to modulo1_contador_basico/contador_0
                                Gate     Net
    Cell:in->out      fanout   Delay   Delay  Logical Name (Net Name)
    ----------------------------------------  ------------
     IBUF:I->O            14   0.000   0.484  reset_IBUF (reset_IBUF)
     FDC:CLR                   0.325          modulo1_contador_basico/contador_0
    ----------------------------------------
    Total                      0.809ns (0.325ns logic, 0.484ns route)
                                       (40.2% logic, 59.8% route)

=========================================================================
Timing constraint: Default OFFSET OUT AFTER for Clock 'clk'
  Total number of paths / destination ports: 14 / 2
-------------------------------------------------------------------------
Offset:              1.977ns (Levels of Logic = 3)
  Source:            modulo2_contador_basico/contador_2 (FF)
  Destination:       salida2 (PAD)
  Source Clock:      clk rising

  Data Path: modulo2_contador_basico/contador_2 to salida2
                                Gate     Net
    Cell:in->out      fanout   Delay   Delay  Logical Name (Net Name)
    ----------------------------------------  ------------
     FDCE:C->Q             2   0.282   0.731  modulo2_contador_basico/contador_2 (modulo2_contador_basico/contador_2)
     LUT5:I0->O            8   0.053   0.459  modulo2_contador_basico/salida<9>_SW0 (N2)
     LUT6:I5->O            1   0.053   0.399  modulo2_contador_basico/salida<9> (salida2_OBUF)
     OBUF:I->O                 0.000          salida2_OBUF (salida2)
    ----------------------------------------
    Total                      1.977ns (0.388ns logic, 1.589ns route)
                                       (19.6% logic, 80.4% route)

=========================================================================

Cross Clock Domains Report:
--------------------------

Clock to Setup on destination clock clk
---------------+---------+---------+---------+---------+
               | Src:Rise| Src:Fall| Src:Rise| Src:Fall|
Source Clock   |Dest:Rise|Dest:Rise|Dest:Fall|Dest:Fall|
---------------+---------+---------+---------+---------+
clk            |    2.443|         |         |         |
---------------+---------+---------+---------+---------+

=========================================================================


Total REAL time to Xst completion: 6.00 secs
Total CPU time to Xst completion: 5.78 secs
 
--> 

Total memory usage is 4617992 kilobytes

Number of errors   :    0 (   0 filtered)
Number of warnings :    0 (   0 filtered)
Number of infos    :    2 (   0 filtered)

